{
  "versionInfo": "00000001",
  "resources": [
    {
      "@type": "type.googleapis.com/envoy.config.cluster.v3.Cluster",
      "name": "external-IP-TCP.default.dc1.internal.11111111-2222-3333-4444-555555555555.consul",
      "type": "STATIC",
      "connectTimeout": "5s",
      "loadAssignment": {
        "clusterName": "external-IP-TCP.default.dc1.internal.11111111-2222-3333-4444-555555555555.consul",
        "endpoints": [
          {
            "lbEndpoints": [
              {
                "endpoint": {
                  "address": {
                    "socketAddress": {
                      "address": "192.168.0.1",
                      "portValue": 80
                    }
                  }
                }
              }
            ]
          }
        ]
      },
      "outlierDetection": {

      }
    },
    {
      "@type": "type.googleapis.com/envoy.config.cluster.v3.Cluster",
      "name": "external-hostname-TCP.default.dc1.internal.11111111-2222-3333-4444-555555555555.consul",
      "type": "LOGICAL_DNS",
      "connectTimeout": "5s",
      "loadAssignment": {
        "clusterName": "external-hostname-TCP.default.dc1.internal.11111111-2222-3333-4444-555555555555.consul",
        "endpoints": [
          {
            "lbEndpoints": [
              {
                "endpoint": {
                  "address": {
                    "socketAddress": {
                      "address": "api.hashicorp.com",
                      "portValue": 8089
                    }
                  }
                }
              }
            ]
          }
        ]
      },
      "dnsRefreshRate": "10s",
      "outlierDetection": {

      }
    }
  ],
  "typeUrl": "type.googleapis.com/envoy.config.cluster.v3.Cluster",
  "nonce": "00000001"
}